features/MedicalModel3D.tsx(66,28): error TS2339: Property 'fov' does not exist on type 'Camera'.
  Property 'fov' does not exist on type 'OrthographicCamera & { manual?: boolean; }'.
stitch-skills/skills/react-components/examples/gold-standard-card.tsx(20,26): error TS2307: Cannot find module '../data/mockData' or its corresponding type declarations.
stitch-skills/skills/remotion/examples/WalkthroughComposition.tsx(1,27): error TS2307: Cannot find module 'remotion' or its corresponding type declarations.
stitch-skills/skills/remotion/examples/WalkthroughComposition.tsx(2,24): error TS2307: Cannot find module 'remotion' or its corresponding type declarations.
stitch-skills/skills/remotion/examples/WalkthroughComposition.tsx(3,20): error TS2307: Cannot find module '@remotion/transitions/fade' or its corresponding type declarations.
stitch-skills/skills/remotion/examples/WalkthroughComposition.tsx(4,21): error TS2307: Cannot find module '@remotion/transitions/slide' or its corresponding type declarations.
stitch-skills/skills/remotion/examples/WalkthroughComposition.tsx(5,32): error TS2307: Cannot find module '@remotion/transitions' or its corresponding type declarations.
stitch-skills/skills/remotion/examples/WalkthroughComposition.tsx(6,27): error TS2307: Cannot find module './ScreenSlide' or its corresponding type declarations.
stitch-skills/skills/remotion/examples/WalkthroughComposition.tsx(7,29): error TS2307: Cannot find module '../screens.json' or its corresponding type declarations.
stitch-skills/skills/remotion/resources/screen-slide-template.tsx(1,69): error TS2307: Cannot find module 'remotion' or its corresponding type declarations.
stitch-skills/skills/remotion/resources/screen-slide-template.tsx(2,19): error TS2307: Cannot find module 'remotion' or its corresponding type declarations.
stitch-skills/skills/shadcn-ui/examples/auth-layout.tsx(6,24): error TS2307: Cannot find module '@/components/ui/button' or its corresponding type declarations.
stitch-skills/skills/shadcn-ui/examples/auth-layout.tsx(14,8): error TS2307: Cannot find module '@/components/ui/card' or its corresponding type declarations.
stitch-skills/skills/shadcn-ui/examples/auth-layout.tsx(15,23): error TS2307: Cannot find module '@/components/ui/input' or its corresponding type declarations.
stitch-skills/skills/shadcn-ui/examples/auth-layout.tsx(16,23): error TS2307: Cannot find module '@/components/ui/label' or its corresponding type declarations.
stitch-skills/skills/shadcn-ui/examples/auth-layout.tsx(17,58): error TS2307: Cannot find module '@/components/ui/tabs' or its corresponding type declarations.
stitch-skills/skills/shadcn-ui/examples/data-table.tsx(16,8): error TS2307: Cannot find module '@tanstack/react-table' or its corresponding type declarations.
stitch-skills/skills/shadcn-ui/examples/data-table.tsx(17,58): error TS2307: Cannot find module 'lucide-react' or its corresponding type declarations.
stitch-skills/skills/shadcn-ui/examples/data-table.tsx(20,24): error TS2307: Cannot find module '@/components/ui/button' or its corresponding type declarations.
stitch-skills/skills/shadcn-ui/examples/data-table.tsx(29,8): error TS2307: Cannot find module '@/components/ui/dropdown-menu' or its corresponding type declarations.
stitch-skills/skills/shadcn-ui/examples/data-table.tsx(30,23): error TS2307: Cannot find module '@/components/ui/input' or its corresponding type declarations.
stitch-skills/skills/shadcn-ui/examples/data-table.tsx(38,8): error TS2307: Cannot find module '@/components/ui/table' or its corresponding type declarations.
stitch-skills/skills/shadcn-ui/examples/form-pattern.tsx(6,24): error TS2307: Cannot find module '@/components/ui/button' or its corresponding type declarations.
stitch-skills/skills/shadcn-ui/examples/form-pattern.tsx(15,8): error TS2307: Cannot find module '@/components/ui/form' or its corresponding type declarations.
stitch-skills/skills/shadcn-ui/examples/form-pattern.tsx(16,23): error TS2307: Cannot find module '@/components/ui/input' or its corresponding type declarations.
stitch-skills/skills/shadcn-ui/examples/form-pattern.tsx(23,8): error TS2307: Cannot find module '@/components/ui/select' or its corresponding type declarations.
stitch-skills/skills/shadcn-ui/examples/form-pattern.tsx(24,26): error TS2307: Cannot find module '@/components/ui/textarea' or its corresponding type declarations.
stitch-skills/skills/shadcn-ui/examples/form-pattern.tsx(25,23): error TS2307: Cannot find module '@/components/ui/use-toast' or its corresponding type declarations.
stitch-skills/skills/shadcn-ui/examples/form-pattern.tsx(26,29): error TS2307: Cannot find module '@hookform/resolvers/zod' or its corresponding type declarations.
stitch-skills/skills/shadcn-ui/examples/form-pattern.tsx(27,25): error TS2307: Cannot find module 'react-hook-form' or its corresponding type declarations.
stitch-skills/skills/shadcn-ui/examples/form-pattern.tsx(28,20): error TS2307: Cannot find module 'zod' or its corresponding type declarations.
